(0,1,1)(5,1,6) LevelTag 1 "lvl"
(5,1,6)(9,2,4) Blanks "\n   "
(9,2,4)(14,2,9) LayoutTag "tag"
(14,2,9)(15,2,10) LineSpace 1
(15,2,10)(22,2,17) LayoutTag "other"
(22,2,17)(22,2,17) EndImplicitScope
(22,2,17)(22,2,17) EndImplicitScope
(22,2,17)(25,4,2) Blanks "\n\n "
(25,4,2)(25,4,2) EndImplicitScope
(25,4,2)(35,4,12) LevelTag 1 "otherlvl"
(35,4,12)(35,4,12) EndImplicitScope
(35,4,12)(36,5,1) Blanks "\n"
